Archive member included to satisfy reference by file (symbol)

/opt/st/stm32cubeide_1.18.1/plugins/com.st.stm32cube.ide.mcu.externaltools.gnu-tools-for-stm32.13.3.rel1.linux64_1.0.0.202410170706/tools/bin/../lib/gcc/arm-none-eabi/13.3.1/../../../../arm-none-eabi/lib/thumb/v7e-m+fp/hard/libc_nano.a(libc_a-exit.o)
                              /opt/st/stm32cubeide_1.18.1/plugins/com.st.stm32cube.ide.mcu.externaltools.gnu-tools-for-stm32.13.3.rel1.linux64_1.0.0.202410170706/tools/bin/../lib/gcc/arm-none-eabi/13.3.1/../../../../arm-none-eabi/lib/thumb/v7e-m+fp/hard/crt0.o (exit)
/opt/st/stm32cubeide_1.18.1/plugins/com.st.stm32cube.ide.mcu.externaltools.gnu-tools-for-stm32.13.3.rel1.linux64_1.0.0.202410170706/tools/bin/../lib/gcc/arm-none-eabi/13.3.1/../../../../arm-none-eabi/lib/thumb/v7e-m+fp/hard/libc_nano.a(libc_a-findfp.o)
                              /opt/st/stm32cubeide_1.18.1/plugins/com.st.stm32cube.ide.mcu.externaltools.gnu-tools-for-stm32.13.3.rel1.linux64_1.0.0.202410170706/tools/bin/../lib/gcc/arm-none-eabi/13.3.1/../../../../arm-none-eabi/lib/thumb/v7e-m+fp/hard/libc_nano.a(libc_a-exit.o) (__stdio_exit_handler)
/opt/st/stm32cubeide_1.18.1/plugins/com.st.stm32cube.ide.mcu.externaltools.gnu-tools-for-stm32.13.3.rel1.linux64_1.0.0.202410170706/tools/bin/../lib/gcc/arm-none-eabi/13.3.1/../../../../arm-none-eabi/lib/thumb/v7e-m+fp/hard/libc_nano.a(libc_a-fwalk.o)
                              /opt/st/stm32cubeide_1.18.1/plugins/com.st.stm32cube.ide.mcu.externaltools.gnu-tools-for-stm32.13.3.rel1.linux64_1.0.0.202410170706/tools/bin/../lib/gcc/arm-none-eabi/13.3.1/../../../../arm-none-eabi/lib/thumb/v7e-m+fp/hard/libc_nano.a(libc_a-findfp.o) (_fwalk_sglue)
/opt/st/stm32cubeide_1.18.1/plugins/com.st.stm32cube.ide.mcu.externaltools.gnu-tools-for-stm32.13.3.rel1.linux64_1.0.0.202410170706/tools/bin/../lib/gcc/arm-none-eabi/13.3.1/../../../../arm-none-eabi/lib/thumb/v7e-m+fp/hard/libc_nano.a(libc_a-stdio.o)
                              /opt/st/stm32cubeide_1.18.1/plugins/com.st.stm32cube.ide.mcu.externaltools.gnu-tools-for-stm32.13.3.rel1.linux64_1.0.0.202410170706/tools/bin/../lib/gcc/arm-none-eabi/13.3.1/../../../../arm-none-eabi/lib/thumb/v7e-m+fp/hard/libc_nano.a(libc_a-findfp.o) (__sread)
/opt/st/stm32cubeide_1.18.1/plugins/com.st.stm32cube.ide.mcu.externaltools.gnu-tools-for-stm32.13.3.rel1.linux64_1.0.0.202410170706/tools/bin/../lib/gcc/arm-none-eabi/13.3.1/../../../../arm-none-eabi/lib/thumb/v7e-m+fp/hard/libc_nano.a(libc_a-memset.o)
                              /opt/st/stm32cubeide_1.18.1/plugins/com.st.stm32cube.ide.mcu.externaltools.gnu-tools-for-stm32.13.3.rel1.linux64_1.0.0.202410170706/tools/bin/../lib/gcc/arm-none-eabi/13.3.1/../../../../arm-none-eabi/lib/thumb/v7e-m+fp/hard/crt0.o (memset)
/opt/st/stm32cubeide_1.18.1/plugins/com.st.stm32cube.ide.mcu.externaltools.gnu-tools-for-stm32.13.3.rel1.linux64_1.0.0.202410170706/tools/bin/../lib/gcc/arm-none-eabi/13.3.1/../../../../arm-none-eabi/lib/thumb/v7e-m+fp/hard/libc_nano.a(libc_a-closer.o)
                              /opt/st/stm32cubeide_1.18.1/plugins/com.st.stm32cube.ide.mcu.externaltools.gnu-tools-for-stm32.13.3.rel1.linux64_1.0.0.202410170706/tools/bin/../lib/gcc/arm-none-eabi/13.3.1/../../../../arm-none-eabi/lib/thumb/v7e-m+fp/hard/libc_nano.a(libc_a-stdio.o) (_close_r)
/opt/st/stm32cubeide_1.18.1/plugins/com.st.stm32cube.ide.mcu.externaltools.gnu-tools-for-stm32.13.3.rel1.linux64_1.0.0.202410170706/tools/bin/../lib/gcc/arm-none-eabi/13.3.1/../../../../arm-none-eabi/lib/thumb/v7e-m+fp/hard/libc_nano.a(libc_a-reent.o)
                              /opt/st/stm32cubeide_1.18.1/plugins/com.st.stm32cube.ide.mcu.externaltools.gnu-tools-for-stm32.13.3.rel1.linux64_1.0.0.202410170706/tools/bin/../lib/gcc/arm-none-eabi/13.3.1/../../../../arm-none-eabi/lib/thumb/v7e-m+fp/hard/libc_nano.a(libc_a-closer.o) (errno)
/opt/st/stm32cubeide_1.18.1/plugins/com.st.stm32cube.ide.mcu.externaltools.gnu-tools-for-stm32.13.3.rel1.linux64_1.0.0.202410170706/tools/bin/../lib/gcc/arm-none-eabi/13.3.1/../../../../arm-none-eabi/lib/thumb/v7e-m+fp/hard/libc_nano.a(libc_a-impure.o)
                              /opt/st/stm32cubeide_1.18.1/plugins/com.st.stm32cube.ide.mcu.externaltools.gnu-tools-for-stm32.13.3.rel1.linux64_1.0.0.202410170706/tools/bin/../lib/gcc/arm-none-eabi/13.3.1/../../../../arm-none-eabi/lib/thumb/v7e-m+fp/hard/libc_nano.a(libc_a-reent.o) (_impure_ptr)
/opt/st/stm32cubeide_1.18.1/plugins/com.st.stm32cube.ide.mcu.externaltools.gnu-tools-for-stm32.13.3.rel1.linux64_1.0.0.202410170706/tools/bin/../lib/gcc/arm-none-eabi/13.3.1/../../../../arm-none-eabi/lib/thumb/v7e-m+fp/hard/libc_nano.a(libc_a-lseekr.o)
                              /opt/st/stm32cubeide_1.18.1/plugins/com.st.stm32cube.ide.mcu.externaltools.gnu-tools-for-stm32.13.3.rel1.linux64_1.0.0.202410170706/tools/bin/../lib/gcc/arm-none-eabi/13.3.1/../../../../arm-none-eabi/lib/thumb/v7e-m+fp/hard/libc_nano.a(libc_a-stdio.o) (_lseek_r)
[...]
Memory Configuration

Name             Origin             Length             Attributes
RAM              0x20000000         0x00008000         xrw
FLASH            0x08000000         0x00020000         xr
*default*        0x00000000         0xffffffff

Linker script and memory map

LOAD /opt/st/stm32cubeide_1.18.1/plugins/com.st.stm32cube.ide.mcu.externaltools.gnu-tools-for-stm32.13.3.rel1.linux64_1.0.0.202410170706/tools/bin/../lib/gcc/arm-none-eabi/13.3.1/thumb/v7e-m+fp/hard/crti.o
LOAD /opt/st/stm32cubeide_1.18.1/plugins/com.st.stm32cube.ide.mcu.externaltools.gnu-tools-for-stm32.13.3.rel1.linux64_1.0.0.202410170706/tools/bin/../lib/gcc/arm-none-eabi/13.3.1/thumb/v7e-m+fp/hard/crtbegin.o
LOAD /opt/st/stm32cubeide_1.18.1/plugins/com.st.stm32cube.ide.mcu.externaltools.gnu-tools-for-stm32.13.3.rel1.linux64_1.0.0.202410170706/tools/bin/../lib/gcc/arm-none-eabi/13.3.1/../../../../arm-none-eabi/lib/thumb/v7e-m+fp/hard/crt0.o
LOAD ./Core/Src/main.o
LOAD ./Core/Src/stm32g4xx_hal_msp.o
LOAD ./Core/Src/stm32g4xx_it.o
LOAD ./Core/Src/syscalls.o
LOAD ./Core/Src/sysmem.o
LOAD ./Core/Src/system_stm32g4xx.o
LOAD ./Core/Startup/startup_stm32g431cbux.o
LOAD ./Drivers/STM32G4xx_HAL_Driver/Src/stm32g4xx_hal.o
LOAD ./Drivers/STM32G4xx_HAL_Driver/Src/stm32g4xx_hal_cortex.o
LOAD ./Drivers/STM32G4xx_HAL_Driver/Src/stm32g4xx_hal_dma.o
LOAD ./Drivers/STM32G4xx_HAL_Driver/Src/stm32g4xx_hal_dma_ex.o
LOAD ./Drivers/STM32G4xx_HAL_Driver/Src/stm32g4xx_hal_exti.o
LOAD ./Drivers/STM32G4xx_HAL_Driver/Src/stm32g4xx_hal_flash.o
LOAD ./Drivers/STM32G4xx_HAL_Driver/Src/stm32g4xx_hal_flash_ex.o
LOAD ./Drivers/STM32G4xx_HAL_Driver/Src/stm32g4xx_hal_flash_ramfunc.o
LOAD ./Drivers/STM32G4xx_HAL_Driver/Src/stm32g4xx_hal_gpio.o
LOAD ./Drivers/STM32G4xx_HAL_Driver/Src/stm32g4xx_hal_i2c.o
LOAD ./Drivers/STM32G4xx_HAL_Driver/Src/stm32g4xx_hal_i2c_ex.o
LOAD ./Drivers/STM32G4xx_HAL_Driver/Src/stm32g4xx_hal_pwr.o
LOAD ./Drivers/STM32G4xx_HAL_Driver/Src/stm32g4xx_hal_pwr_ex.o
LOAD ./Drivers/STM32G4xx_HAL_Driver/Src/stm32g4xx_hal_rcc.o
LOAD ./Drivers/STM32G4xx_HAL_Driver/Src/stm32g4xx_hal_rcc_ex.o
START GROUP
LOAD /opt/st/stm32cubeide_1.18.1/plugins/com.st.stm32cube.ide.mcu.externaltools.gnu-tools-for-stm32.13.3.rel1.linux64_1.0.0.202410170706/tools/bin/../lib/gcc/arm-none-eabi/13.3.1/../../../../arm-none-eabi/lib/thumb/v7e-m+fp/hard/libc_nano.a
LOAD /opt/st/stm32cubeide_1.18.1/plugins/com.st.stm32cube.ide.mcu.externaltools.gnu-tools-for-stm32.13.3.rel1.linux64_1.0.0.202410170706/tools/bin/../lib/gcc/arm-none-eabi/13.3.1/../../../../arm-none-eabi/lib/thumb/v7e-m+fp/hard/libm.a
END GROUP
START GROUP
LOAD /opt/st/stm32cubeide_1.18.1/plugins/com.st.stm32cube.ide.mcu.externaltools.gnu-tools-for-stm32.13.3.rel1.linux64_1.0.0.202410170706/tools/bin/../lib/gcc/arm-none-eabi/13.3.1/thumb/v7e-m+fp/hard/libgcc.a
LOAD /opt/st/stm32cubeide_1.18.1/plugins/com.st.stm32cube.ide.mcu.externaltools.gnu-tools-for-stm32.13.3.rel1.linux64_1.0.0.202410170706/tools/bin/../lib/gcc/arm-none-eabi/13.3.1/../../../../arm-none-eabi/lib/thumb/v7e-m+fp/hard/libc_nano.a
END GROUP
START GROUP
LOAD /opt/st/stm32cubeide_1.18.1/plugins/com.st.stm32cube.ide.mcu.externaltools.gnu-tools-for-stm32.13.3.rel1.linux64_1.0.0.202410170706/tools/bin/../lib/gcc/arm-none-eabi/13.3.1/thumb/v7e-m+fp/hard/libgcc.a
LOAD /opt/st/stm32cubeide_1.18.1/plugins/com.st.stm32cube.ide.mcu.externaltools.gnu-tools-for-stm32.13.3.rel1.linux64_1.0.0.202410170706/tools/bin/../lib/gcc/arm-none-eabi/13.3.1/../../../../arm-none-eabi/lib/thumb/v7e-m+fp/hard/libc_nano.a
LOAD /opt/st/stm32cubeide_1.18.1/plugins/com.st.stm32cube.ide.mcu.externaltools.gnu-tools-for-stm32.13.3.rel1.linux64_1.0.0.202410170706/tools/bin/../lib/gcc/arm-none-eabi/13.3.1/../../../../arm-none-eabi/lib/thumb/v7e-m+fp/hard/libnosys.a
END GROUP
START GROUP
LOAD /opt/st/stm32cubeide_1.18.1/plugins/com.st.stm32cube.ide.mcu.externaltools.gnu-tools-for-stm32.13.3.rel1.linux64_1.0.0.202410170706/tools/bin/../lib/gcc/arm-none-eabi/13.3.1/thumb/v7e-m+fp/hard/libgcc.a
LOAD /opt/st/stm32cubeide_1.18.1/plugins/com.st.stm32cube.ide.mcu.externaltools.gnu-tools-for-stm32.13.3.rel1.linux64_1.0.0.202410170706/tools/bin/../lib/gcc/arm-none-eabi/13.3.1/../../../../arm-none-eabi/lib/thumb/v7e-m+fp/hard/libc_nano.a
LOAD /opt/st/stm32cubeide_1.18.1/plugins/com.st.stm32cube.ide.mcu.externaltools.gnu-tools-for-stm32.13.3.rel1.linux64_1.0.0.202410170706/tools/bin/../lib/gcc/arm-none-eabi/13.3.1/../../../../arm-none-eabi/lib/thumb/v7e-m+fp/hard/libnosys.a
END GROUP
LOAD /opt/st/stm32cubeide_1.18.1/plugins/com.st.stm32cube.ide.mcu.externaltools.gnu-tools-for-stm32.13.3.rel1.linux64_1.0.0.202410170706/tools/bin/../lib/gcc/arm-none-eabi/13.3.1/thumb/v7e-m+fp/hard/crtend.o
LOAD /opt/st/stm32cubeide_1.18.1/plugins/com.st.stm32cube.ide.mcu.externaltools.gnu-tools-for-stm32.13.3.rel1.linux64_1.0.0.202410170706/tools/bin/../lib/gcc/arm-none-eabi/13.3.1/thumb/v7e-m+fp/hard/crtn.o
                0x20008000                        _estack = (ORIGIN (RAM) + LENGTH (RAM))
                0x00000200                        _Min_Heap_Size = 0x200
                0x00000400                        _Min_Stack_Size = 0x400

.isr_vector     0x08000000      0x1d8
                0x08000000                        . = ALIGN (0x4)
 *(.isr_vector)
 .isr_vector    0x08000000      0x1d8 ./Core/Startup/startup_stm32g431cbux.o
                0x08000000                g_pfnVectors
                0x080001d8                        . = ALIGN (0x4)

.text           0x080001d8     0x38c0
                0x080001d8                        . = ALIGN (0x4)
 *(.text)
 .text          0x080001d8       0x40 /opt/st/stm32cubeide_1.18.1/plugins/com.st.stm32cube.ide.mcu.externaltools.gnu-tools-for-stm32.13.3.rel1.linux64_1.0.0.202410170706/tools/bin/../lib/gcc/arm-none-eabi/13.3.1/thumb/v7e-m+fp/hard/crtbegin.o
 .text          0x08000218       0x10 /opt/st/stm32cubeide_1.18.1/plugins/com.st.stm32cube.ide.mcu.externaltools.gnu-tools-for-stm32.13.3.rel1.linux64_1.0.0.202410170706/tools/bin/../lib/gcc/arm-none-eabi/13.3.1/../../../../arm-none-eabi/lib/thumb/v7e-m+fp/hard/libc_nano.a(libc_a-strlen.o)
                0x08000218                strlen
 *(.text*)
 .text.main     0x08000228       0x54 ./Core/Src/main.o
                0x08000228                main
 .text.SystemClock_Config
                0x0800027c       0x80 ./Core/Src/main.o
                0x0800027c                SystemClock_Config
 .text.MX_I2C1_Init
                0x080002fc       0x80 ./Core/Src/main.o
 .text.MX_I2C2_Init
                0x0800037c       0x80 ./Core/Src/main.o
 .text.MX_GPIO_Init
                0x080003fc       0xac ./Core/Src/main.o
 .text.HAL_I2C_MasterTxCpltCallback
                0x080004a8       0x2c ./Core/Src/main.o
                0x080004a8                HAL_I2C_MasterTxCpltCallback
 .text.HAL_I2C_SlaveRxCpltCallback
                0x080004d4       0x2c ./Core/Src/main.o
                0x080004d4                HAL_I2C_SlaveRxCpltCallback
 .text.Error_Handler
                0x08000500        0xc ./Core/Src/main.o
                0x08000500                Error_Handler
 .text.HAL_MspInit
                0x0800050c       0x48 ./Core/Src/stm32g4xx_hal_msp.o
                0x0800050c                HAL_MspInit
 .text.HAL_I2C_MspInit
                0x08000554      0x1c8 ./Core/Src/stm32g4xx_hal_msp.o
                0x08000554                HAL_I2C_MspInit
 .text.NMI_Handler
                0x0800071c        0x8 ./Core/Src/stm32g4xx_it.o
                0x0800071c                NMI_Handler
 .text.HardFault_Handler
                0x08000724        0x8 ./Core/Src/stm32g4xx_it.o
                0x08000724                HardFault_Handler
 .text.MemManage_Handler
                0x0800072c        0x8 ./Core/Src/stm32g4xx_it.o
                0x0800072c                MemManage_Handler
 .text.BusFault_Handler
                0x08000734        0x8 ./Core/Src/stm32g4xx_it.o
                0x08000734                BusFault_Handler
 .text.UsageFault_Handler
                0x0800073c        0x8 ./Core/Src/stm32g4xx_it.o
                0x0800073c                UsageFault_Handler
 .text.SVC_Handler
                0x08000744        0xe ./Core/Src/stm32g4xx_it.o
                0x08000744                SVC_Handler
 .text.DebugMon_Handler
                0x08000752        0xe ./Core/Src/stm32g4xx_it.o
                0x08000752                DebugMon_Handler
 .text.PendSV_Handler
                0x08000760        0xe ./Core/Src/stm32g4xx_it.o
                0x08000760                PendSV_Handler
 .text.SysTick_Handler
                0x0800076e        0xc ./Core/Src/stm32g4xx_it.o
                0x0800076e                SysTick_Handler
 *fill*         0x0800077a        0x2 
 .text.I2C1_EV_IRQHandler
                0x0800077c       0x14 ./Core/Src/stm32g4xx_it.o
                0x0800077c                I2C1_EV_IRQHandler
 .text.I2C2_EV_IRQHandler
                0x08000790       0x14 ./Core/Src/stm32g4xx_it.o
                0x08000790                I2C2_EV_IRQHandler
 .text.SystemInit
                0x080007a4       0x24 ./Core/Src/system_stm32g4xx.o
                0x080007a4                SystemInit
 .text.Reset_Handler
                0x080007c8       0x50 ./Core/Startup/startup_stm32g431cbux.o
                0x080007c8                Reset_Handler
 .text.Default_Handler
                0x08000818        0x2 ./Core/Startup/startup_stm32g431cbux.o
                0x08000818                RTC_Alarm_IRQHandler
                0x08000818                EXTI2_IRQHandler
                0x08000818                TIM8_TRG_COM_IRQHandler
                0x08000818                TIM8_CC_IRQHandler
                0x08000818                TIM1_CC_IRQHandler
                0x08000818                USB_HP_IRQHandler
                0x08000818                CORDIC_IRQHandler
                0x08000818                EXTI3_IRQHandler
                0x08000818                I2C3_ER_IRQHandler
                0x08000818                EXTI0_IRQHandler
                0x08000818                FPU_IRQHandler
                0x08000818                FDCAN1_IT1_IRQHandler
                0x08000818                TIM1_UP_TIM16_IRQHandler
                0x08000818                ADC1_2_IRQHandler
                0x08000818                SPI1_IRQHandler
                0x08000818                TIM6_DAC_IRQHandler
                0x08000818                TIM8_UP_IRQHandler
                0x08000818                DMA2_Channel2_IRQHandler
                0x08000818                DMA1_Channel4_IRQHandler
                0x08000818                USART3_IRQHandler
                0x08000818                TIM4_IRQHandler
                0x08000818                DMA2_Channel1_IRQHandler
                0x08000818                DMA1_Channel6_IRQHandler
                0x08000818                UART4_IRQHandler
                0x08000818                DMA2_Channel4_IRQHandler
                0x08000818                TIM3_IRQHandler
                0x08000818                RCC_IRQHandler
                0x08000818                DMA1_Channel1_IRQHandler
                0x08000818                Default_Handler
                0x08000818                RTC_TAMP_LSECSS_IRQHandler
                0x08000818                FMAC_IRQHandler
                0x08000818                EXTI15_10_IRQHandler
                0x08000818                TIM7_IRQHandler
                0x08000818                UCPD1_IRQHandler
                0x08000818                I2C3_EV_IRQHandler
                0x08000818                EXTI9_5_IRQHandler
                0x08000818                RTC_WKUP_IRQHandler
                0x08000818                PVD_PVM_IRQHandler
                0x08000818                SPI2_IRQHandler
                0x08000818                DMA2_Channel5_IRQHandler
                0x08000818                CRS_IRQHandler
                0x08000818                DMA1_Channel5_IRQHandler
                0x08000818                USB_LP_IRQHandler
                0x08000818                EXTI4_IRQHandler
                0x08000818                RNG_IRQHandler
                0x08000818                TIM1_TRG_COM_TIM17_IRQHandler
                0x08000818                DMA1_Channel3_IRQHandler
                0x08000818                WWDG_IRQHandler
                0x08000818                LPUART1_IRQHandler
                0x08000818                DMA2_Channel6_IRQHandler
                0x08000818                FDCAN1_IT0_IRQHandler
                0x08000818                TIM2_IRQHandler
                0x08000818                COMP1_2_3_IRQHandler
                0x08000818                EXTI1_IRQHandler
                0x08000818                USART2_IRQHandler
                0x08000818                I2C2_ER_IRQHandler
                0x08000818                DMA1_Channel2_IRQHandler
                0x08000818                TIM8_BRK_IRQHandler
                0x08000818                FLASH_IRQHandler
                0x08000818                USART1_IRQHandler
                0x08000818                SPI3_IRQHandler
                0x08000818                I2C1_ER_IRQHandler
                0x08000818                LPTIM1_IRQHandler
                0x08000818                DMAMUX_OVR_IRQHandler
                0x08000818                USBWakeUp_IRQHandler
                0x08000818                SAI1_IRQHandler
                0x08000818                DMA2_Channel3_IRQHandler
                0x08000818                COMP4_IRQHandler
                0x08000818                TIM1_BRK_TIM15_IRQHandler
 .text.HAL_Init
                0x0800081a       0x30 ./Drivers/STM32G4xx_HAL_Driver/Src/stm32g4xx_hal.o
                0x0800081a                HAL_Init
 *fill*         0x0800084a        0x2 
 .text.HAL_InitTick
                0x0800084c       0x74 ./Drivers/STM32G4xx_HAL_Driver/Src/stm32g4xx_hal.o
                0x0800084c                HAL_InitTick
 .text.HAL_IncTick
                0x080008c0       0x24 ./Drivers/STM32G4xx_HAL_Driver/Src/stm32g4xx_hal.o
                0x080008c0                HAL_IncTick
 .text.HAL_GetTick
                0x080008e4       0x18 ./Drivers/STM32G4xx_HAL_Driver/Src/stm32g4xx_hal.o
                0x080008e4                HAL_GetTick
 .text.__NVIC_SetPriorityGrouping
                0x080008fc       0x48 ./Drivers/STM32G4xx_HAL_Driver/Src/stm32g4xx_hal_cortex.o
 .text.__NVIC_GetPriorityGrouping
                0x08000944       0x1c ./Drivers/STM32G4xx_HAL_Driver/Src/stm32g4xx_hal_cortex.o
 .text.__NVIC_EnableIRQ
                0x08000960       0x3c ./Drivers/STM32G4xx_HAL_Driver/Src/stm32g4xx_hal_cortex.o
 .text.__NVIC_SetPriority
                0x0800099c       0x54 ./Drivers/STM32G4xx_HAL_Driver/Src/stm32g4xx_hal_cortex.o
 .text.NVIC_EncodePriority
                0x080009f0       0x66 ./Drivers/STM32G4xx_HAL_Driver/Src/stm32g4xx_hal_cortex.o
 *fill*         0x08000a56        0x2 
 .text.SysTick_Config
                0x08000a58       0x44 ./Drivers/STM32G4xx_HAL_Driver/Src/stm32g4xx_hal_cortex.o
 .text.HAL_NVIC_SetPriorityGrouping
                0x08000a9c       0x16 ./Drivers/STM32G4xx_HAL_Driver/Src/stm32g4xx_hal_cortex.o
                0x08000a9c                HAL_NVIC_SetPriorityGrouping
 .text.HAL_NVIC_SetPriority
                0x08000ab2       0x34 ./Drivers/STM32G4xx_HAL_Driver/Src/stm32g4xx_hal_cortex.o
                0x08000ab2                HAL_NVIC_SetPriority
 .text.HAL_NVIC_EnableIRQ
                0x08000ae6       0x1c ./Drivers/STM32G4xx_HAL_Driver/Src/stm32g4xx_hal_cortex.o
                0x08000ae6                HAL_NVIC_EnableIRQ
 .text.HAL_SYSTICK_Config
                0x08000b02       0x18 ./Drivers/STM32G4xx_HAL_Driver/Src/stm32g4xx_hal_cortex.o
                0x08000b02                HAL_SYSTICK_Config
 .text.HAL_DMA_Abort_IT
                0x08000b1a       0xce ./Drivers/STM32G4xx_HAL_Driver/Src/stm32g4xx_hal_dma.o
                0x08000b1a                HAL_DMA_Abort_IT
 .text.HAL_DMA_GetState
                0x08000be8       0x1c ./Drivers/STM32G4xx_HAL_Driver/Src/stm32g4xx_hal_dma.o
                0x08000be8                HAL_DMA_GetState
 .text.HAL_GPIO_Init
                0x08000c04      0x304 ./Drivers/STM32G4xx_HAL_Driver/Src/stm32g4xx_hal_gpio.o
                0x08000c04                HAL_GPIO_Init
 .text.HAL_GPIO_WritePin
                0x08000f08       0x30 ./Drivers/STM32G4xx_HAL_Driver/Src/stm32g4xx_hal_gpio.o
                0x08000f08                HAL_GPIO_WritePin
 .text.HAL_I2C_Init
                0x08000f38      0x136 ./Drivers/STM32G4xx_HAL_Driver/Src/stm32g4xx_hal_i2c.o
                0x08000f38                HAL_I2C_Init
 *fill*         0x0800106e        0x2 
 .text.HAL_I2C_Master_Transmit_IT
                0x08001070      0x130 ./Drivers/STM32G4xx_HAL_Driver/Src/stm32g4xx_hal_i2c.o
                0x08001070                HAL_I2C_Master_Transmit_IT
 .text.HAL_I2C_Slave_Receive_IT
                0x080011a0       0xa0 ./Drivers/STM32G4xx_HAL_Driver/Src/stm32g4xx_hal_i2c.o
                0x080011a0                HAL_I2C_Slave_Receive_IT
 .text.HAL_I2C_EV_IRQHandler
                0x08001240       0x34 ./Drivers/STM32G4xx_HAL_Driver/Src/stm32g4xx_hal_i2c.o
                0x08001240                HAL_I2C_EV_IRQHandler
 .text.HAL_I2C_MasterRxCpltCallback
                0x08001274       0x14 ./Drivers/STM32G4xx_HAL_Driver/Src/stm32g4xx_hal_i2c.o
                0x08001274                HAL_I2C_MasterRxCpltCallback
 .text.HAL_I2C_SlaveTxCpltCallback
                0x08001288       0x14 ./Drivers/STM32G4xx_HAL_Driver/Src/stm32g4xx_hal_i2c.o
                0x08001288                HAL_I2C_SlaveTxCpltCallback
 .text.HAL_I2C_AddrCallback
                0x0800129c       0x1c ./Drivers/STM32G4xx_HAL_Driver/Src/stm32g4xx_hal_i2c.o
                0x0800129c                HAL_I2C_AddrCallback
 .text.HAL_I2C_ListenCpltCallback
                0x080012b8       0x14 ./Drivers/STM32G4xx_HAL_Driver/Src/stm32g4xx_hal_i2c.o
                0x080012b8                HAL_I2C_ListenCpltCallback
 .text.HAL_I2C_MemTxCpltCallback
                0x080012cc       0x14 ./Drivers/STM32G4xx_HAL_Driver/Src/stm32g4xx_hal_i2c.o
                0x080012cc                HAL_I2C_MemTxCpltCallback
 .text.HAL_I2C_MemRxCpltCallback
                0x080012e0       0x14 ./Drivers/STM32G4xx_HAL_Driver/Src/stm32g4xx_hal_i2c.o
                0x080012e0                HAL_I2C_MemRxCpltCallback
 .text.HAL_I2C_ErrorCallback
                0x080012f4       0x14 ./Drivers/STM32G4xx_HAL_Driver/Src/stm32g4xx_hal_i2c.o
                0x080012f4                HAL_I2C_ErrorCallback
 .text.HAL_I2C_AbortCpltCallback
                0x08001308       0x14 ./Drivers/STM32G4xx_HAL_Driver/Src/stm32g4xx_hal_i2c.o
                0x08001308                HAL_I2C_AbortCpltCallback
 .text.I2C_Master_ISR_IT
                0x0800131c      0x268 ./Drivers/STM32G4xx_HAL_Driver/Src/stm32g4xx_hal_i2c.o
 .text.I2C_Slave_ISR_IT
                0x08001584      0x208 ./Drivers/STM32G4xx_HAL_Driver/Src/stm32g4xx_hal_i2c.o
 .text.I2C_Master_ISR_DMA
                0x0800178c      0x1e6 ./Drivers/STM32G4xx_HAL_Driver/Src/stm32g4xx_hal_i2c.o
 *fill*         0x08001972        0x2 
 .text.I2C_Mem_ISR_DMA
                0x08001974      0x260 ./Drivers/STM32G4xx_HAL_Driver/Src/stm32g4xx_hal_i2c.o
 .text.I2C_Slave_ISR_DMA
                0x08001bd4      0x1c2 ./Drivers/STM32G4xx_HAL_Driver/Src/stm32g4xx_hal_i2c.o
 .text.I2C_ITAddrCplt
                0x08001d96      0x108 ./Drivers/STM32G4xx_HAL_Driver/Src/stm32g4xx_hal_i2c.o
 .text.I2C_ITMasterSeqCplt
                0x08001e9e       0x7a ./Drivers/STM32G4xx_HAL_Driver/Src/stm32g4xx_hal_i2c.o
 .text.I2C_ITSlaveSeqCplt
                0x08001f18       0xbc ./Drivers/STM32G4xx_HAL_Driver/Src/stm32g4xx_hal_i2c.o
 .text.I2C_ITMasterCplt
                0x08001fd4      0x194 ./Drivers/STM32G4xx_HAL_Driver/Src/stm32g4xx_hal_i2c.o
 .text.I2C_ITSlaveCplt
                0x08002168      0x2d4 ./Drivers/STM32G4xx_HAL_Driver/Src/stm32g4xx_hal_i2c.o
 .text.I2C_ITListenCplt
                0x0800243c       0xac ./Drivers/STM32G4xx_HAL_Driver/Src/stm32g4xx_hal_i2c.o
 .text.I2C_ITError
                0x080024e8      0x1e0 ./Drivers/STM32G4xx_HAL_Driver/Src/stm32g4xx_hal_i2c.o
 .text.I2C_TreatErrorCallback
                0x080026c8       0x4e ./Drivers/STM32G4xx_HAL_Driver/Src/stm32g4xx_hal_i2c.o
 .text.I2C_Flush_TXDR
                0x08002716       0x48 ./Drivers/STM32G4xx_HAL_Driver/Src/stm32g4xx_hal_i2c.o
 .text.I2C_DMAAbort
                0x0800275e       0x3c ./Drivers/STM32G4xx_HAL_Driver/Src/stm32g4xx_hal_i2c.o
 *fill*         0x0800279a        0x2 
 .text.I2C_TransferConfig
                0x0800279c       0x64 ./Drivers/STM32G4xx_HAL_Driver/Src/stm32g4xx_hal_i2c.o
 .text.I2C_Enable_IRQ
                0x08002800      0x108 ./Drivers/STM32G4xx_HAL_Driver/Src/stm32g4xx_hal_i2c.o
 .text.I2C_Disable_IRQ
                0x08002908       0xbc ./Drivers/STM32G4xx_HAL_Driver/Src/stm32g4xx_hal_i2c.o
 .text.HAL_I2CEx_ConfigAnalogFilter
                0x080029c4       0x96 ./Drivers/STM32G4xx_HAL_Driver/Src/stm32g4xx_hal_i2c_ex.o
                0x080029c4                HAL_I2CEx_ConfigAnalogFilter
 .text.HAL_I2CEx_ConfigDigitalFilter
                0x08002a5a       0x98 ./Drivers/STM32G4xx_HAL_Driver/Src/stm32g4xx_hal_i2c_ex.o
                0x08002a5a                HAL_I2CEx_ConfigDigitalFilter
 *fill*         0x08002af2        0x2 
 .text.HAL_PWREx_ControlVoltageScaling
                0x08002af4      0x148 ./Drivers/STM32G4xx_HAL_Driver/Src/stm32g4xx_hal_pwr_ex.o
                0x08002af4                HAL_PWREx_ControlVoltageScaling
 .text.HAL_PWREx_DisableUCPDDeadBattery
                0x08002c3c       0x20 ./Drivers/STM32G4xx_HAL_Driver/Src/stm32g4xx_hal_pwr_ex.o
                0x08002c3c                HAL_PWREx_DisableUCPDDeadBattery
 .text.HAL_RCC_OscConfig
                0x08002c5c      0x624 ./Drivers/STM32G4xx_HAL_Driver/Src/stm32g4xx_hal_rcc.o
                0x08002c5c                HAL_RCC_OscConfig
 .text.HAL_RCC_ClockConfig
                0x08003280      0x278 ./Drivers/STM32G4xx_HAL_Driver/Src/stm32g4xx_hal_rcc.o
                0x08003280                HAL_RCC_ClockConfig
 .text.HAL_RCC_GetSysClockFreq
                0x080034f8       0xc4 ./Drivers/STM32G4xx_HAL_Driver/Src/stm32g4xx_hal_rcc.o
                0x080034f8                HAL_RCC_GetSysClockFreq
 .text.RCC_GetSysClockFreqFromPLLSource
                0x080035bc       0x8c ./Drivers/STM32G4xx_HAL_Driver/Src/stm32g4xx_hal_rcc.o
 .text.HAL_RCCEx_PeriphCLKConfig
                0x08003648      0x3e0 ./Drivers/STM32G4xx_HAL_Driver/Src/stm32g4xx_hal_rcc_ex.o
                0x08003648                HAL_RCCEx_PeriphCLKConfig
 .text.memset   0x08003a28       0x10 /opt/st/stm32cubeide_1.18.1/plugins/com.st.stm32cube.ide.mcu.externaltools.gnu-tools-for-stm32.13.3.rel1.linux64_1.0.0.202410170706/tools/bin/../lib/gcc/arm-none-eabi/13.3.1/../../../../arm-none-eabi/lib/thumb/v7e-m+fp/hard/libc_nano.a(libc_a-memset.o)
                0x08003a28                memset
 .text.__libc_init_array
                0x08003a38       0x48 /opt/st/stm32cubeide_1.18.1/plugins/com.st.stm32cube.ide.mcu.externaltools.gnu-tools-for-stm32.13.3.rel1.linux64_1.0.0.202410170706/tools/bin/../lib/gcc/arm-none-eabi/13.3.1/../../../../arm-none-eabi/lib/thumb/v7e-m+fp/hard/libc_nano.a(libc_a-init.o)
                0x08003a38                __libc_init_array
 *(.glue_7)
 .glue_7        0x08003a80        0x0 linker stubs
 *(.glue_7t)
 .glue_7t       0x08003a80        0x0 linker stubs
 *(.eh_frame)
 .eh_frame      0x08003a80        0x0 /opt/st/stm32cubeide_1.18.1/plugins/com.st.stm32cube.ide.mcu.externaltools.gnu-tools-for-stm32.13.3.rel1.linux64_1.0.0.202410170706/tools/bin/../lib/gcc/arm-none-eabi/13.3.1/thumb/v7e-m+fp/hard/crtbegin.o
 *(.init)
 .init          0x08003a80        0x4 /opt/st/stm32cubeide_1.18.1/plugins/com.st.stm32cube.ide.mcu.externaltools.gnu-tools-for-stm32.13.3.rel1.linux64_1.0.0.202410170706/tools/bin/../lib/gcc/arm-none-eabi/13.3.1/thumb/v7e-m+fp/hard/crti.o
                0x08003a80                _init
 .init          0x08003a84        0x8 /opt/st/stm32cubeide_1.18.1/plugins/com.st.stm32cube.ide.mcu.externaltools.gnu-tools-for-stm32.13.3.rel1.linux64_1.0.0.202410170706/tools/bin/../lib/gcc/arm-none-eabi/13.3.1/thumb/v7e-m+fp/hard/crtn.o
 *(.fini)
 .fini          0x08003a8c        0x4 /opt/st/stm32cubeide_1.18.1/plugins/com.st.stm32cube.ide.mcu.externaltools.gnu-tools-for-stm32.13.3.rel1.linux64_1.0.0.202410170706/tools/bin/../lib/gcc/arm-none-eabi/13.3.1/thumb/v7e-m+fp/hard/crti.o
                0x08003a8c                _fini
 .fini          0x08003a90        0x8 /opt/st/stm32cubeide_1.18.1/plugins/com.st.stm32cube.ide.mcu.externaltools.gnu-tools-for-stm32.13.3.rel1.linux64_1.0.0.202410170706/tools/bin/../lib/gcc/arm-none-eabi/13.3.1/thumb/v7e-m+fp/hard/crtn.o
                0x08003a98                        . = ALIGN (0x4)
                0x08003a98                        _etext = .

.vfp11_veneer   0x08003a98        0x0
 .vfp11_veneer  0x08003a98        0x0 linker stubs

.v4_bx          0x08003a98        0x0
 .v4_bx         0x08003a98        0x0 linker stubs

.iplt           0x08003a98        0x0
 .iplt          0x08003a98        0x0 /opt/st/stm32cubeide_1.18.1/plugins/com.st.stm32cube.ide.mcu.externaltools.gnu-tools-for-stm32.13.3.rel1.linux64_1.0.0.202410170706/tools/bin/../lib/gcc/arm-none-eabi/13.3.1/thumb/v7e-m+fp/hard/crtbegin.o

.rodata         0x08003a98       0x10
                0x08003a98                        . = ALIGN (0x4)
 *(.rodata)
 *(.rodata*)
 .rodata.AHBPrescTable
                0x08003a98       0x10 ./Core/Src/system_stm32g4xx.o
                0x08003a98                AHBPrescTable
                0x08003aa8                        . = ALIGN (0x4)

.ARM.extab      0x08003aa8        0x0
                0x08003aa8                        . = ALIGN (0x4)
 *(.ARM.extab* .gnu.linkonce.armextab.*)
                0x08003aa8                        . = ALIGN (0x4)

.ARM            0x08003aa8        0x8
                0x08003aa8                        . = ALIGN (0x4)
                0x08003aa8                        __exidx_start = .
 *(.ARM.exidx*)
 .ARM.exidx     0x08003aa8        0x8 /opt/st/stm32cubeide_1.18.1/plugins/com.st.stm32cube.ide.mcu.externaltools.gnu-tools-for-stm32.13.3.rel1.linux64_1.0.0.202410170706/tools/bin/../lib/gcc/arm-none-eabi/13.3.1/../../../../arm-none-eabi/lib/thumb/v7e-m+fp/hard/libc_nano.a(libc_a-strlen.o)
                0x08003ab0                        __exidx_end = .
                0x08003ab0                        . = ALIGN (0x4)

.preinit_array  0x08003ab0        0x0
                0x08003ab0                        . = ALIGN (0x4)
                0x08003ab0                        PROVIDE (__preinit_array_start = .)
 *(.preinit_array*)
                0x08003ab0                        PROVIDE (__preinit_array_end = .)
                0x08003ab0                        . = ALIGN (0x4)

.init_array     0x08003ab0        0x4
                0x08003ab0                        . = ALIGN (0x4)
                0x08003ab0                        PROVIDE (__init_array_start = .)
 *(SORT_BY_NAME(.init_array.*))
 *(.init_array*)
 .init_array    0x08003ab0        0x4 /opt/st/stm32cubeide_1.18.1/plugins/com.st.stm32cube.ide.mcu.externaltools.gnu-tools-for-stm32.13.3.rel1.linux64_1.0.0.202410170706/tools/bin/../lib/gcc/arm-none-eabi/13.3.1/thumb/v7e-m+fp/hard/crtbegin.o
                0x08003ab4                        PROVIDE (__init_array_end = .)
                0x08003ab4                        . = ALIGN (0x4)

.fini_array     0x08003ab4        0x4
                0x08003ab4                        . = ALIGN (0x4)
                [!provide]                        PROVIDE (__fini_array_start = .)
 *(SORT_BY_NAME(.fini_array.*))
 *(.fini_array*)
 .fini_array    0x08003ab4        0x4 /opt/st/stm32cubeide_1.18.1/plugins/com.st.stm32cube.ide.mcu.externaltools.gnu-tools-for-stm32.13.3.rel1.linux64_1.0.0.202410170706/tools/bin/../lib/gcc/arm-none-eabi/13.3.1/thumb/v7e-m+fp/hard/crtbegin.o
                [!provide]                        PROVIDE (__fini_array_end = .)
                0x08003ab8                        . = ALIGN (0x4)
                0x08003ab8                        _sidata = LOADADDR (.data)

.rel.dyn        0x08003ab8        0x0
 .rel.iplt      0x08003ab8        0x0 /opt/st/stm32cubeide_1.18.1/plugins/com.st.stm32cube.ide.mcu.externaltools.gnu-tools-for-stm32.13.3.rel1.linux64_1.0.0.202410170706/tools/bin/../lib/gcc/arm-none-eabi/13.3.1/thumb/v7e-m+fp/hard/crtbegin.o

.data           0x20000000       0x1c load address 0x08003ab8
                0x20000000                        . = ALIGN (0x4)
                0x20000000                        _sdata = .
 *(.data)
 *(.data*)
 .data.i2c1_tx_buf
                0x20000000        0xf ./Core/Src/main.o
                0x20000000                i2c1_tx_buf
 *fill*         0x2000000f        0x1 
 .data.SystemCoreClock
                0x20000010        0x4 ./Core/Src/system_stm32g4xx.o
                0x20000010                SystemCoreClock
 .data.uwTickPrio
                0x20000014        0x4 ./Drivers/STM32G4xx_HAL_Driver/Src/stm32g4xx_hal.o
                0x20000014                uwTickPrio
 .data.uwTickFreq
                0x20000018        0x4 ./Drivers/STM32G4xx_HAL_Driver/Src/stm32g4xx_hal.o
                0x20000018                uwTickFreq
 *(.RamFunc)
 *(.RamFunc*)
                0x2000001c                        . = ALIGN (0x4)
                0x2000001c                        _edata = .

.igot.plt       0x2000001c        0x0 load address 0x08003ad4
 .igot.plt      0x2000001c        0x0 /opt/st/stm32cubeide_1.18.1/plugins/com.st.stm32cube.ide.mcu.externaltools.gnu-tools-for-stm32.13.3.rel1.linux64_1.0.0.202410170706/tools/bin/../lib/gcc/arm-none-eabi/13.3.1/thumb/v7e-m+fp/hard/crtbegin.o
                0x2000001c                        . = ALIGN (0x4)

.bss            0x2000001c       0xdc load address 0x08003ad4
                0x2000001c                        _sbss = .
                0x2000001c                        __bss_start__ = _sbss
 *(.bss)
 .bss           0x2000001c       0x1c /opt/st/stm32cubeide_1.18.1/plugins/com.st.stm32cube.ide.mcu.externaltools.gnu-tools-for-stm32.13.3.rel1.linux64_1.0.0.202410170706/tools/bin/../lib/gcc/arm-none-eabi/13.3.1/thumb/v7e-m+fp/hard/crtbegin.o
 *(.bss*)
 .bss.hi2c1     0x20000038       0x54 ./Core/Src/main.o
                0x20000038                hi2c1
 .bss.hi2c2     0x2000008c       0x54 ./Core/Src/main.o
                0x2000008c                hi2c2
 .bss.i2c2_rx_buf
                0x200000e0        0xf ./Core/Src/main.o
                0x200000e0                i2c2_rx_buf
 .bss.tx_flag   0x200000ef        0x1 ./Core/Src/main.o
                0x200000ef                tx_flag
 .bss.rx_flag   0x200000f0        0x1 ./Core/Src/main.o
                0x200000f0                rx_flag
 *fill*         0x200000f1        0x3 
 .bss.uwTick    0x200000f4        0x4 ./Drivers/STM32G4xx_HAL_Driver/Src/stm32g4xx_hal.o
                0x200000f4                uwTick
 *(COMMON)
                0x200000f8                        . = ALIGN (0x4)
                0x200000f8                        _ebss = .
                0x200000f8                        __bss_end__ = _ebss

._user_heap_stack
                0x200000f8      0x600 load address 0x08003ad4
                0x200000f8                        . = ALIGN (0x8)
                [!provide]                        PROVIDE (end = .)
                0x200000f8                        PROVIDE (_end = .)
                0x200002f8                        . = (. + _Min_Heap_Size)
 *fill*         0x200000f8      0x200 
                0x200006f8                        . = (. + _Min_Stack_Size)
 *fill*         0x200002f8      0x400 
                0x200006f8                        . = ALIGN (0x8)

/DISCARD/
 libc.a(*)
 libm.a(*)
 libgcc.a(*)

.ARM.attributes
                0x00000000       0x30
 *(.ARM.attributes)
 .ARM.attributes
                0x00000000       0x22 /opt/st/stm32cubeide_1.18.1/plugins/com.st.stm32cube.ide.mcu.externaltools.gnu-tools-for-stm32.13.3.rel1.linux64_1.0.0.202410170706/tools/bin/../lib/gcc/arm-none-eabi/13.3.1/thumb/v7e-m+fp/hard/crti.o
 .ARM.attributes
                0x00000022       0x34 /opt/st/stm32cubeide_1.18.1/plugins/com.st.stm32cube.ide.mcu.externaltools.gnu-tools-for-stm32.13.3.rel1.linux64_1.0.0.202410170706/tools/bin/../lib/gcc/arm-none-eabi/13.3.1/thumb/v7e-m+fp/hard/crtbegin.o
 .ARM.attributes
                0x00000056       0x34 ./Core/Src/main.o
 .ARM.attributes
                0x0000008a       0x34 ./Core/Src/stm32g4xx_hal_msp.o
 .ARM.attributes
                0x000000be       0x34 ./Core/Src/stm32g4xx_it.o
 .ARM.attributes
                0x000000f2       0x34 ./Core/Src/system_stm32g4xx.o
 .ARM.attributes
                0x00000126       0x21 ./Core/Startup/startup_stm32g431cbux.o
 .ARM.attributes
                0x00000147       0x34 ./Drivers/STM32G4xx_HAL_Driver/Src/stm32g4xx_hal.o
 .ARM.attributes
                0x0000017b       0x34 ./Drivers/STM32G4xx_HAL_Driver/Src/stm32g4xx_hal_cortex.o
 .ARM.attributes
                0x000001af       0x34 ./Drivers/STM32G4xx_HAL_Driver/Src/stm32g4xx_hal_dma.o
 .ARM.attributes
                0x000001e3       0x34 ./Drivers/STM32G4xx_HAL_Driver/Src/stm32g4xx_hal_gpio.o
 .ARM.attributes
                0x00000217       0x34 ./Drivers/STM32G4xx_HAL_Driver/Src/stm32g4xx_hal_i2c.o
 .ARM.attributes
                0x0000024b       0x34 ./Drivers/STM32G4xx_HAL_Driver/Src/stm32g4xx_hal_i2c_ex.o
 .ARM.attributes
                0x0000027f       0x34 ./Drivers/STM32G4xx_HAL_Driver/Src/stm32g4xx_hal_pwr_ex.o
 .ARM.attributes
                0x000002b3       0x34 ./Drivers/STM32G4xx_HAL_Driver/Src/stm32g4xx_hal_rcc.o
 .ARM.attributes
                0x000002e7       0x34 ./Drivers/STM32G4xx_HAL_Driver/Src/stm32g4xx_hal_rcc_ex.o
 .ARM.attributes
                0x0000031b       0x34 /opt/st/stm32cubeide_1.18.1/plugins/com.st.stm32cube.ide.mcu.externaltools.gnu-tools-for-stm32.13.3.rel1.linux64_1.0.0.202410170706/tools/bin/../lib/gcc/arm-none-eabi/13.3.1/../../../../arm-none-eabi/lib/thumb/v7e-m+fp/hard/libc_nano.a(libc_a-memset.o)
 .ARM.attributes
                0x0000034f       0x34 /opt/st/stm32cubeide_1.18.1/plugins/com.st.stm32cube.ide.mcu.externaltools.gnu-tools-for-stm32.13.3.rel1.linux64_1.0.0.202410170706/tools/bin/../lib/gcc/arm-none-eabi/13.3.1/../../../../arm-none-eabi/lib/thumb/v7e-m+fp/hard/libc_nano.a(libc_a-init.o)
 .ARM.attributes
                0x00000383       0x17 /opt/st/stm32cubeide_1.18.1/plugins/com.st.stm32cube.ide.mcu.externaltools.gnu-tools-for-stm32.13.3.rel1.linux64_1.0.0.202410170706/tools/bin/../lib/gcc/arm-none-eabi/13.3.1/../../../../arm-none-eabi/lib/thumb/v7e-m+fp/hard/libc_nano.a(libc_a-strlen.o)
 .ARM.attributes
                0x0000039a       0x22 /opt/st/stm32cubeide_1.18.1/plugins/com.st.stm32cube.ide.mcu.externaltools.gnu-tools-for-stm32.13.3.rel1.linux64_1.0.0.202410170706/tools/bin/../lib/gcc/arm-none-eabi/13.3.1/thumb/v7e-m+fp/hard/crtn.o
OUTPUT(hw3_i2c.elf elf32-littlearm)
LOAD linker stubs
LOAD /opt/st/stm32cubeide_1.18.1/plugins/com.st.stm32cube.ide.mcu.externaltools.gnu-tools-for-stm32.13.3.rel1.linux64_1.0.0.202410170706/tools/bin/../lib/gcc/arm-none-eabi/13.3.1/../../../../arm-none-eabi/lib/thumb/v7e-m+fp/hard/libc.a
LOAD /opt/st/stm32cubeide_1.18.1/plugins/com.st.stm32cube.ide.mcu.externaltools.gnu-tools-for-stm32.13.3.rel1.linux64_1.0.0.202410170706/tools/bin/../lib/gcc/arm-none-eabi/13.3.1/../../../../arm-none-eabi/lib/thumb/v7e-m+fp/hard/libm.a
LOAD /opt/st/stm32cubeide_1.18.1/plugins/com.st.stm32cube.ide.mcu.externaltools.gnu-tools-for-stm32.13.3.rel1.linux64_1.0.0.202410170706/tools/bin/../lib/gcc/arm-none-eabi/13.3.1/thumb/v7e-m+fp/hard/libgcc.a

.debug_info     0x00000000     0xa0d3
 .debug_info    0x00000000      0xece ./Core/Src/main.o
 .debug_info    0x00000ece      0xeff ./Core/Src/stm32g4xx_hal_msp.o
 .debug_info    0x00001dcd      0x7d6 ./Core/Src/stm32g4xx_it.o
 .debug_info    0x000025a3      0x58e ./Core/Src/system_stm32g4xx.o
 .debug_info    0x00002b31       0x30 ./Core/Startup/startup_stm32g431cbux.o
 .debug_info    0x00002b61      0xadb ./Drivers/STM32G4xx_HAL_Driver/Src/stm32g4xx_hal.o
 .debug_info    0x0000363c      0xd3f ./Drivers/STM32G4xx_HAL_Driver/Src/stm32g4xx_hal_cortex.o
 .debug_info    0x0000437b      0x85f ./Drivers/STM32G4xx_HAL_Driver/Src/stm32g4xx_hal_dma.o
 .debug_info    0x00004bda      0x763 ./Drivers/STM32G4xx_HAL_Driver/Src/stm32g4xx_hal_gpio.o
 .debug_info    0x0000533d     0x21ea ./Drivers/STM32G4xx_HAL_Driver/Src/stm32g4xx_hal_i2c.o
 .debug_info    0x00007527      0xad6 ./Drivers/STM32G4xx_HAL_Driver/Src/stm32g4xx_hal_i2c_ex.o
 .debug_info    0x00007ffd      0x93f ./Drivers/STM32G4xx_HAL_Driver/Src/stm32g4xx_hal_pwr_ex.o
 .debug_info    0x0000893c      0xb82 ./Drivers/STM32G4xx_HAL_Driver/Src/stm32g4xx_hal_rcc.o
 .debug_info    0x000094be      0xc15 ./Drivers/STM32G4xx_HAL_Driver/Src/stm32g4xx_hal_rcc_ex.o

.debug_abbrev   0x00000000     0x1bdc
 .debug_abbrev  0x00000000      0x290 ./Core/Src/main.o
 .debug_abbrev  0x00000290      0x1f0 ./Core/Src/stm32g4xx_hal_msp.o
 .debug_abbrev  0x00000480      0x179 ./Core/Src/stm32g4xx_it.o
 .debug_abbrev  0x000005f9      0x11a ./Core/Src/system_stm32g4xx.o
 .debug_abbrev  0x00000713       0x24 ./Core/Startup/startup_stm32g431cbux.o
 .debug_abbrev  0x00000737      0x271 ./Drivers/STM32G4xx_HAL_Driver/Src/stm32g4xx_hal.o
 .debug_abbrev  0x000009a8      0x31c ./Drivers/STM32G4xx_HAL_Driver/Src/stm32g4xx_hal_cortex.o
 .debug_abbrev  0x00000cc4      0x1e2 ./Drivers/STM32G4xx_HAL_Driver/Src/stm32g4xx_hal_dma.o
 .debug_abbrev  0x00000ea6      0x1cb ./Drivers/STM32G4xx_HAL_Driver/Src/stm32g4xx_hal_gpio.o
 .debug_abbrev  0x00001071      0x25e ./Drivers/STM32G4xx_HAL_Driver/Src/stm32g4xx_hal_i2c.o
 .debug_abbrev  0x000012cf      0x1c0 ./Drivers/STM32G4xx_HAL_Driver/Src/stm32g4xx_hal_i2c_ex.o
 .debug_abbrev  0x0000148f      0x22c ./Drivers/STM32G4xx_HAL_Driver/Src/stm32g4xx_hal_pwr_ex.o
 .debug_abbrev  0x000016bb      0x2c9 ./Drivers/STM32G4xx_HAL_Driver/Src/stm32g4xx_hal_rcc.o
 .debug_abbrev  0x00001984      0x258 ./Drivers/STM32G4xx_HAL_Driver/Src/stm32g4xx_hal_rcc_ex.o

.debug_aranges  0x00000000      0xa10
 .debug_aranges
                0x00000000       0x58 ./Core/Src/main.o
 .debug_aranges
                0x00000058       0x30 ./Core/Src/stm32g4xx_hal_msp.o
 .debug_aranges
                0x00000088       0x70 ./Core/Src/stm32g4xx_it.o
 .debug_aranges
                0x000000f8       0x28 ./Core/Src/system_stm32g4xx.o
 .debug_aranges
                0x00000120       0x28 ./Core/Startup/startup_stm32g431cbux.o
 .debug_aranges
                0x00000148      0x148 ./Drivers/STM32G4xx_HAL_Driver/Src/stm32g4xx_hal.o
 .debug_aranges
                0x00000290      0x128 ./Drivers/STM32G4xx_HAL_Driver/Src/stm32g4xx_hal_cortex.o
 .debug_aranges
                0x000003b8       0x90 ./Drivers/STM32G4xx_HAL_Driver/Src/stm32g4xx_hal_dma.o
 .debug_aranges
                0x00000448       0x58 ./Drivers/STM32G4xx_HAL_Driver/Src/stm32g4xx_hal_gpio.o
 .debug_aranges
                0x000004a0      0x2a0 ./Drivers/STM32G4xx_HAL_Driver/Src/stm32g4xx_hal_i2c.o
 .debug_aranges
                0x00000740       0x48 ./Drivers/STM32G4xx_HAL_Driver/Src/stm32g4xx_hal_i2c_ex.o
 .debug_aranges
                0x00000788      0x140 ./Drivers/STM32G4xx_HAL_Driver/Src/stm32g4xx_hal_pwr_ex.o
 .debug_aranges
                0x000008c8       0x98 ./Drivers/STM32G4xx_HAL_Driver/Src/stm32g4xx_hal_rcc.o
 .debug_aranges
                0x00000960       0xb0 ./Drivers/STM32G4xx_HAL_Driver/Src/stm32g4xx_hal_rcc_ex.o

.debug_rnglists
                0x00000000      0x7a8
 .debug_rnglists
                0x00000000       0x41 ./Core/Src/main.o
 .debug_rnglists
                0x00000041       0x21 ./Core/Src/stm32g4xx_hal_msp.o
 .debug_rnglists
                0x00000062       0x4f ./Core/Src/stm32g4xx_it.o
 .debug_rnglists
                0x000000b1       0x1a ./Core/Src/system_stm32g4xx.o
 .debug_rnglists
                0x000000cb       0x19 ./Core/Startup/startup_stm32g431cbux.o
 .debug_rnglists
                0x000000e4       0xf1 ./Drivers/STM32G4xx_HAL_Driver/Src/stm32g4xx_hal.o
 .debug_rnglists
                0x000001d5       0xda ./Drivers/STM32G4xx_HAL_Driver/Src/stm32g4xx_hal_cortex.o
 .debug_rnglists
                0x000002af       0x71 ./Drivers/STM32G4xx_HAL_Driver/Src/stm32g4xx_hal_dma.o
 .debug_rnglists
                0x00000320       0x3f ./Drivers/STM32G4xx_HAL_Driver/Src/stm32g4xx_hal_gpio.o
 .debug_rnglists
                0x0000035f      0x228 ./Drivers/STM32G4xx_HAL_Driver/Src/stm32g4xx_hal_i2c.o
 .debug_rnglists
                0x00000587       0x35 ./Drivers/STM32G4xx_HAL_Driver/Src/stm32g4xx_hal_i2c_ex.o
 .debug_rnglists
                0x000005bc       0xf1 ./Drivers/STM32G4xx_HAL_Driver/Src/stm32g4xx_hal_pwr_ex.o
 .debug_rnglists
                0x000006ad       0x74 ./Drivers/STM32G4xx_HAL_Driver/Src/stm32g4xx_hal_rcc.o
 .debug_rnglists
                0x00000721       0x87 ./Drivers/STM32G4xx_HAL_Driver/Src/stm32g4xx_hal_rcc_ex.o

.debug_macro    0x00000000    0x1c803
 .debug_macro   0x00000000      0x2a2 ./Core/Src/main.o
 .debug_macro   0x000002a2      0xad8 ./Core/Src/main.o
 .debug_macro   0x00000d7a      0x155 ./Core/Src/main.o
 .debug_macro   0x00000ecf       0x2e ./Core/Src/main.o
 .debug_macro   0x00000efd       0x28 ./Core/Src/main.o
 .debug_macro   0x00000f25       0x22 ./Core/Src/main.o
 .debug_macro   0x00000f47       0x8e ./Core/Src/main.o
 .debug_macro   0x00000fd5       0x51 ./Core/Src/main.o
 .debug_macro   0x00001026      0x103 ./Core/Src/main.o
 .debug_macro   0x00001129       0x6a ./Core/Src/main.o
 .debug_macro   0x00001193      0x1df ./Core/Src/main.o
 .debug_macro   0x00001372       0x1c ./Core/Src/main.o
 .debug_macro   0x0000138e       0x22 ./Core/Src/main.o
 .debug_macro   0x000013b0       0xfb ./Core/Src/main.o
 .debug_macro   0x000014ab     0x1011 ./Core/Src/main.o
 .debug_macro   0x000024bc      0x11f ./Core/Src/main.o
 .debug_macro   0x000025db    0x1138f ./Core/Src/main.o
 .debug_macro   0x0001396a       0x6d ./Core/Src/main.o
 .debug_macro   0x000139d7     0x3558 ./Core/Src/main.o
 .debug_macro   0x00016f2f      0x190 ./Core/Src/main.o
 .debug_macro   0x000170bf       0x5c ./Core/Src/main.o
 .debug_macro   0x0001711b     0x141d ./Core/Src/main.o
 .debug_macro   0x00018538      0x535 ./Core/Src/main.o
 .debug_macro   0x00018a6d      0x1b6 ./Core/Src/main.o
 .debug_macro   0x00018c23      0x288 ./Core/Src/main.o
 .debug_macro   0x00018eab      0x41d ./Core/Src/main.o
 .debug_macro   0x000192c8      0x18b ./Core/Src/main.o
 .debug_macro   0x00019453       0x43 ./Core/Src/main.o
 .debug_macro   0x00019496      0x23d ./Core/Src/main.o
 .debug_macro   0x000196d3      0x211 ./Core/Src/main.o
 .debug_macro   0x000198e4      0x401 ./Core/Src/main.o
 .debug_macro   0x00019ce5      0x107 ./Core/Src/main.o
 .debug_macro   0x00019dec      0x22c ./Core/Src/main.o
 .debug_macro   0x0001a018       0x61 ./Core/Src/main.o
 .debug_macro   0x0001a079       0xa5 ./Core/Src/main.o
 .debug_macro   0x0001a11e      0x122 ./Core/Src/main.o
 .debug_macro   0x0001a240      0x3d1 ./Core/Src/main.o
 .debug_macro   0x0001a611      0x306 ./Core/Src/main.o
 .debug_macro   0x0001a917       0x10 ./Core/Src/main.o
 .debug_macro   0x0001a927       0x61 ./Core/Src/main.o
 .debug_macro   0x0001a988       0x2a ./Core/Src/main.o
 .debug_macro   0x0001a9b2       0x43 ./Core/Src/main.o
 .debug_macro   0x0001a9f5       0x34 ./Core/Src/main.o
 .debug_macro   0x0001aa29      0x370 ./Core/Src/main.o
 .debug_macro   0x0001ad99       0x16 ./Core/Src/main.o
 .debug_macro   0x0001adaf       0x4a ./Core/Src/main.o
 .debug_macro   0x0001adf9       0x34 ./Core/Src/main.o
 .debug_macro   0x0001ae2d       0x10 ./Core/Src/main.o
 .debug_macro   0x0001ae3d       0x58 ./Core/Src/main.o
 .debug_macro   0x0001ae95       0x8e ./Core/Src/main.o
 .debug_macro   0x0001af23       0x1c ./Core/Src/main.o
 .debug_macro   0x0001af3f      0x185 ./Core/Src/main.o
 .debug_macro   0x0001b0c4       0x10 ./Core/Src/main.o
 .debug_macro   0x0001b0d4       0x3c ./Core/Src/main.o
 .debug_macro   0x0001b110       0x20 ./Core/Src/main.o
 .debug_macro   0x0001b130      0x1ce ./Core/Src/stm32g4xx_hal_msp.o
 .debug_macro   0x0001b2fe      0x1d8 ./Core/Src/stm32g4xx_it.o
 .debug_macro   0x0001b4d6      0x1bf ./Core/Src/system_stm32g4xx.o
 .debug_macro   0x0001b695      0x20d ./Drivers/STM32G4xx_HAL_Driver/Src/stm32g4xx_hal.o
 .debug_macro   0x0001b8a2      0x1bf ./Drivers/STM32G4xx_HAL_Driver/Src/stm32g4xx_hal_cortex.o
 .debug_macro   0x0001ba61      0x1bf ./Drivers/STM32G4xx_HAL_Driver/Src/stm32g4xx_hal_dma.o
 .debug_macro   0x0001bc20      0x1c6 ./Drivers/STM32G4xx_HAL_Driver/Src/stm32g4xx_hal_gpio.o
 .debug_macro   0x0001bde6      0x28b ./Drivers/STM32G4xx_HAL_Driver/Src/stm32g4xx_hal_i2c.o
 .debug_macro   0x0001c071      0x1bf ./Drivers/STM32G4xx_HAL_Driver/Src/stm32g4xx_hal_i2c_ex.o
 .debug_macro   0x0001c230      0x1e9 ./Drivers/STM32G4xx_HAL_Driver/Src/stm32g4xx_hal_pwr_ex.o
 .debug_macro   0x0001c419      0x201 ./Drivers/STM32G4xx_HAL_Driver/Src/stm32g4xx_hal_rcc.o
 .debug_macro   0x0001c61a      0x1e9 ./Drivers/STM32G4xx_HAL_Driver/Src/stm32g4xx_hal_rcc_ex.o

.debug_line     0x00000000     0xb7e9
 .debug_line    0x00000000      0x959 ./Core/Src/main.o
 .debug_line    0x00000959      0x748 ./Core/Src/stm32g4xx_hal_msp.o
 .debug_line    0x000010a1      0x752 ./Core/Src/stm32g4xx_it.o
 .debug_line    0x000017f3      0x6e0 ./Core/Src/system_stm32g4xx.o
 .debug_line    0x00001ed3       0x7b ./Core/Startup/startup_stm32g431cbux.o
 .debug_line    0x00001f4e      0xaac ./Drivers/STM32G4xx_HAL_Driver/Src/stm32g4xx_hal.o
 .debug_line    0x000029fa      0xc11 ./Drivers/STM32G4xx_HAL_Driver/Src/stm32g4xx_hal_cortex.o
 .debug_line    0x0000360b      0xdab ./Drivers/STM32G4xx_HAL_Driver/Src/stm32g4xx_hal_dma.o
 .debug_line    0x000043b6      0xa85 ./Drivers/STM32G4xx_HAL_Driver/Src/stm32g4xx_hal_gpio.o
 .debug_line    0x00004e3b     0x3640 ./Drivers/STM32G4xx_HAL_Driver/Src/stm32g4xx_hal_i2c.o
 .debug_line    0x0000847b      0x7d9 ./Drivers/STM32G4xx_HAL_Driver/Src/stm32g4xx_hal_i2c_ex.o
 .debug_line    0x00008c54      0xc0b ./Drivers/STM32G4xx_HAL_Driver/Src/stm32g4xx_hal_pwr_ex.o
 .debug_line    0x0000985f      0xf2f ./Drivers/STM32G4xx_HAL_Driver/Src/stm32g4xx_hal_rcc.o
 .debug_line    0x0000a78e     0x105b ./Drivers/STM32G4xx_HAL_Driver/Src/stm32g4xx_hal_rcc_ex.o

.debug_str      0x00000000    0xb2d70
 .debug_str     0x00000000    0xb2d70 ./Core/Src/main.o
                              0xaff72 (size before relaxing)
 .debug_str     0x000b2d70    0xad113 ./Core/Src/stm32g4xx_hal_msp.o
 .debug_str     0x000b2d70    0xac998 ./Core/Src/stm32g4xx_it.o
 .debug_str     0x000b2d70    0xac4c4 ./Core/Src/system_stm32g4xx.o
 .debug_str     0x000b2d70       0x74 ./Core/Startup/startup_stm32g431cbux.o
 .debug_str     0x000b2d70    0xad003 ./Drivers/STM32G4xx_HAL_Driver/Src/stm32g4xx_hal.o
 .debug_str     0x000b2d70    0xaccbf ./Drivers/STM32G4xx_HAL_Driver/Src/stm32g4xx_hal_cortex.o
 .debug_str     0x000b2d70    0xac89e ./Drivers/STM32G4xx_HAL_Driver/Src/stm32g4xx_hal_dma.o
 .debug_str     0x000b2d70    0xac64f ./Drivers/STM32G4xx_HAL_Driver/Src/stm32g4xx_hal_gpio.o
 .debug_str     0x000b2d70    0xad7ce ./Drivers/STM32G4xx_HAL_Driver/Src/stm32g4xx_hal_i2c.o
 .debug_str     0x000b2d70    0xacae3 ./Drivers/STM32G4xx_HAL_Driver/Src/stm32g4xx_hal_i2c_ex.o
 .debug_str     0x000b2d70    0xac9b2 ./Drivers/STM32G4xx_HAL_Driver/Src/stm32g4xx_hal_pwr_ex.o
 .debug_str     0x000b2d70    0xacbbd ./Drivers/STM32G4xx_HAL_Driver/Src/stm32g4xx_hal_rcc.o
 .debug_str     0x000b2d70    0xacbbe ./Drivers/STM32G4xx_HAL_Driver/Src/stm32g4xx_hal_rcc_ex.o

.comment        0x00000000       0x43
 .comment       0x00000000       0x43 ./Core/Src/main.o
                                 0x44 (size before relaxing)
 .comment       0x00000043       0x44 ./Core/Src/stm32g4xx_hal_msp.o
 .comment       0x00000043       0x44 ./Core/Src/stm32g4xx_it.o
 .comment       0x00000043       0x44 ./Core/Src/system_stm32g4xx.o
 .comment       0x00000043       0x44 ./Drivers/STM32G4xx_HAL_Driver/Src/stm32g4xx_hal.o
 .comment       0x00000043       0x44 ./Drivers/STM32G4xx_HAL_Driver/Src/stm32g4xx_hal_cortex.o
 .comment       0x00000043       0x44 ./Drivers/STM32G4xx_HAL_Driver/Src/stm32g4xx_hal_dma.o
 .comment       0x00000043       0x44 ./Drivers/STM32G4xx_HAL_Driver/Src/stm32g4xx_hal_gpio.o
 .comment       0x00000043       0x44 ./Drivers/STM32G4xx_HAL_Driver/Src/stm32g4xx_hal_i2c.o
 .comment       0x00000043       0x44 ./Drivers/STM32G4xx_HAL_Driver/Src/stm32g4xx_hal_i2c_ex.o
 .comment       0x00000043       0x44 ./Drivers/STM32G4xx_HAL_Driver/Src/stm32g4xx_hal_pwr_ex.o
 .comment       0x00000043       0x44 ./Drivers/STM32G4xx_HAL_Driver/Src/stm32g4xx_hal_rcc.o
 .comment       0x00000043       0x44 ./Drivers/STM32G4xx_HAL_Driver/Src/stm32g4xx_hal_rcc_ex.o

.debug_frame    0x00000000     0x2810
 .debug_frame   0x00000000      0x114 ./Core/Src/main.o
 .debug_frame   0x00000114       0x80 ./Core/Src/stm32g4xx_hal_msp.o
 .debug_frame   0x00000194      0x13c ./Core/Src/stm32g4xx_it.o
 .debug_frame   0x000002d0       0x58 ./Core/Src/system_stm32g4xx.o
 .debug_frame   0x00000328      0x500 ./Drivers/STM32G4xx_HAL_Driver/Src/stm32g4xx_hal.o
 .debug_frame   0x00000828      0x4e8 ./Drivers/STM32G4xx_HAL_Driver/Src/stm32g4xx_hal_cortex.o
 .debug_frame   0x00000d10      0x24c ./Drivers/STM32G4xx_HAL_Driver/Src/stm32g4xx_hal_dma.o
 .debug_frame   0x00000f5c      0x14c ./Drivers/STM32G4xx_HAL_Driver/Src/stm32g4xx_hal_gpio.o
 .debug_frame   0x000010a8      0xc38 ./Drivers/STM32G4xx_HAL_Driver/Src/stm32g4xx_hal_i2c.o
 .debug_frame   0x00001ce0      0x100 ./Drivers/STM32G4xx_HAL_Driver/Src/stm32g4xx_hal_i2c_ex.o
 .debug_frame   0x00001de0      0x4fc ./Drivers/STM32G4xx_HAL_Driver/Src/stm32g4xx_hal_pwr_ex.o
 .debug_frame   0x000022dc      0x23c ./Drivers/STM32G4xx_HAL_Driver/Src/stm32g4xx_hal_rcc.o
 .debug_frame   0x00002518      0x2ac ./Drivers/STM32G4xx_HAL_Driver/Src/stm32g4xx_hal_rcc_ex.o
 .debug_frame   0x000027c4       0x20 /opt/st/stm32cubeide_1.18.1/plugins/com.st.stm32cube.ide.mcu.externaltools.gnu-tools-for-stm32.13.3.rel1.linux64_1.0.0.202410170706/tools/bin/../lib/gcc/arm-none-eabi/13.3.1/../../../../arm-none-eabi/lib/thumb/v7e-m+fp/hard/libc_nano.a(libc_a-memset.o)
 .debug_frame   0x000027e4       0x2c /opt/st/stm32cubeide_1.18.1/plugins/com.st.stm32cube.ide.mcu.externaltools.gnu-tools-for-stm32.13.3.rel1.linux64_1.0.0.202410170706/tools/bin/../lib/gcc/arm-none-eabi/13.3.1/../../../../arm-none-eabi/lib/thumb/v7e-m+fp/hard/libc_nano.a(libc_a-init.o)

.debug_line_str
                0x00000000       0x58
 .debug_line_str
                0x00000000       0x58 ./Core/Startup/startup_stm32g431cbux.o
